======================================
Thoi gian backup: 2026-05-25 01:34:14
Thu muc backups: Da ton tai
Ket noi Internet: Co ket noi
Ten file backup: data_backup_2026-05-25_01-34.tar.gz
Trang thai backup: Thanh cong
Bonus 1: Chi giu lai 5 file backup moi nhat
Git: Commit va push thanh cong
Thong bao: Hoan thanh backup luc 2026-05-25 01:34:14
======================================
Thoi gian backup: 2026-05-25 01:47:11
Thu muc backups: Da ton tai
Ket noi Internet: Co ket noi
Ten file backup: data_backup_2026-05-25_01-47.tar.gz
Trang thai backup: Thanh cong
Bonus 1: Chi giu lai 5 file backup moi nhat
Git: Commit va push thanh cong
Thong bao: Hoan thanh backup luc 2026-05-25 01:47:11
======================================
Thoi gian backup: 2026-05-25 02:09:18
Thu muc backups: Da ton tai
Ket noi Internet: Co ket noi
Ten file backup: data_backup_2026-05-25_02-09.tar.gz
Trang thai backup: Thanh cong
Bonus 1: Chi giu lai 5 file backup moi nhat
Git: Push that bai
Thong bao: Hoan thanh backup luc 2026-05-25 02:09:18
======================================
Thoi gian backup: 2026-05-25 02:11:23
Thu muc backups: Da ton tai
Ket noi Internet: Co ket noi
Ten file backup: data_backup_2026-05-25_02-11.tar.gz
Trang thai backup: Thanh cong
Bonus 1: Chi giu lai 5 file backup moi nhat
Git: Push that bai
Thong bao: Hoan thanh backup luc 2026-05-25 02:11:23
======================================
Thoi gian backup: 2026-05-25 02:15:02
Thu muc backups: Da ton tai
Ket noi Internet: Co ket noi
Ten file backup: data_backup_2026-05-25_02-15.tar.gz
Trang thai backup: Thanh cong
Bonus 1: Chi giu lai 5 file backup moi nhat
Git: Push that bai
Thong bao: Hoan thanh backup luc 2026-05-25 02:15:02
======================================
Thoi gian backup: 2026-05-25 02:20:02
Thu muc backups: Da ton tai
======================================
Thoi gian backup: 2026-05-25 02:20:02
Thu muc backups: Da ton tai
Ket noi Internet: Co ket noi
Ket noi Internet: Co ket noi
Ten file backup: data_backup_2026-05-25_02-20.tar.gz
Trang thai backup: Thanh cong
Bonus 1: Chi giu lai 5 file backup moi nhat
Ten file backup: data_backup_2026-05-25_02-20.tar.gz
Trang thai backup: Thanh cong
Bonus 1: Chi giu lai 5 file backup moi nhat
Git: Khong co thay doi moi de commit
Thong bao: Hoan thanh backup luc 2026-05-25 02:20:02
To github.com:anhtuank9/student_backup_system.git
 ! [rejected]        main -> main (fetch first)
error: failed to push some refs to 'github.com:anhtuank9/student_backup_system.git'
hint: Updates were rejected because the remote contains work that you do not
hint: have locally. This is usually caused by another repository pushing to
hint: the same ref. If you want to integrate the remote changes, use
hint: 'git pull' before pushing again.
hint: See the 'Note about fast-forwards' in 'git push --help' for details.
Git: Push that bai
Thong bao: Hoan thanh backup luc 2026-05-25 02:20:02
======================================
Thoi gian backup: 2026-05-25 02:20:10
Thu muc backups: Da ton tai
Ket noi Internet: Co ket noi
Ten file backup: data_backup_2026-05-25_02-20.tar.gz
Trang thai backup: Thanh cong
Bonus 1: Chi giu lai 5 file backup moi nhat
To github.com:anhtuank9/student_backup_system.git
 ! [rejected]        main -> main (fetch first)
error: failed to push some refs to 'github.com:anhtuank9/student_backup_system.git'
hint: Updates were rejected because the remote contains work that you do not
hint: have locally. This is usually caused by another repository pushing to
hint: the same ref. If you want to integrate the remote changes, use
hint: 'git pull' before pushing again.
hint: See the 'Note about fast-forwards' in 'git push --help' for details.
Git: Push that bai
Thong bao: Hoan thanh backup luc 2026-05-25 02:20:10
======================================
Thoi gian backup: 2026-05-25 02:23:42
Thu muc backups: Da ton tai
Ket noi Internet: Co ket noi
Ten file backup: data_backup_2026-05-25_02-23.tar.gz
Trang thai backup: Thanh cong
Bonus 1: Chi giu lai 5 file backup moi nhat
To github.com:anhtuank9/student_backup_system.git
 ! [rejected]        main -> main (fetch first)
error: failed to push some refs to 'github.com:anhtuank9/student_backup_system.git'
hint: Updates were rejected because the remote contains work that you do not
hint: have locally. This is usually caused by another repository pushing to
hint: the same ref. If you want to integrate the remote changes, use
hint: 'git pull' before pushing again.
hint: See the 'Note about fast-forwards' in 'git push --help' for details.
Git: Push that bai
Thong bao: Hoan thanh backup luc 2026-05-25 02:23:42
======================================
Thoi gian backup: 2026-05-25 02:25:01
Thu muc backups: Da ton tai
Ket noi Internet: Co ket noi
======================================
Thoi gian backup: 2026-05-25 02:25:01
Thu muc backups: Da ton tai
Ket noi Internet: Co ket noi
Ten file backup: data_backup_2026-05-25_02-25.tar.gz
Trang thai backup: Thanh cong
Ten file backup: data_backup_2026-05-25_02-25.tar.gz
Trang thai backup: Thanh cong
Bonus 1: Chi giu lai 5 file backup moi nhat
Bonus 1: Chi giu lai 5 file backup moi nhat
To github.com:anhtuank9/student_backup_system.git
 ! [rejected]        main -> main (fetch first)
error: failed to push some refs to 'github.com:anhtuank9/student_backup_system.git'
hint: Updates were rejected because the remote contains work that you do not
hint: have locally. This is usually caused by another repository pushing to
hint: the same ref. If you want to integrate the remote changes, use
hint: 'git pull' before pushing again.
hint: See the 'Note about fast-forwards' in 'git push --help' for details.
Git: Push that bai
Thong bao: Hoan thanh backup luc 2026-05-25 02:25:01
To github.com:anhtuank9/student_backup_system.git
 ! [rejected]        main -> main (fetch first)
error: failed to push some refs to 'github.com:anhtuank9/student_backup_system.git'
hint: Updates were rejected because the remote contains work that you do not
hint: have locally. This is usually caused by another repository pushing to
hint: the same ref. If you want to integrate the remote changes, use
hint: 'git pull' before pushing again.
hint: See the 'Note about fast-forwards' in 'git push --help' for details.
Git: Push that bai
Thong bao: Hoan thanh backup luc 2026-05-25 02:25:01
======================================
Thoi gian backup: 2026-05-25 02:30:01
Thu muc backups: Da ton tai
======================================
Thoi gian backup: 2026-05-25 02:30:01
Thu muc backups: Da ton tai
Ket noi Internet: Co ket noi
Ket noi Internet: Co ket noi
Ten file backup: data_backup_2026-05-25_02-30.tar.gz
Trang thai backup: Thanh cong
Ten file backup: data_backup_2026-05-25_02-30.tar.gz
Trang thai backup: Thanh cong
Bonus 1: Chi giu lai 5 file backup moi nhat
Bonus 1: Chi giu lai 5 file backup moi nhat
To github.com:anhtuank9/student_backup_system.git
 ! [rejected]        main -> main (fetch first)
error: failed to push some refs to 'github.com:anhtuank9/student_backup_system.git'
hint: Updates were rejected because the remote contains work that you do not
hint: have locally. This is usually caused by another repository pushing to
hint: the same ref. If you want to integrate the remote changes, use
hint: 'git pull' before pushing again.
hint: See the 'Note about fast-forwards' in 'git push --help' for details.
Git: Push that bai
Thong bao: Hoan thanh backup luc 2026-05-25 02:30:01
To github.com:anhtuank9/student_backup_system.git
 ! [rejected]        main -> main (fetch first)
error: failed to push some refs to 'github.com:anhtuank9/student_backup_system.git'
hint: Updates were rejected because the remote contains work that you do not
hint: have locally. This is usually caused by another repository pushing to
hint: the same ref. If you want to integrate the remote changes, use
hint: 'git pull' before pushing again.
hint: See the 'Note about fast-forwards' in 'git push --help' for details.
Git: Push that bai
Thong bao: Hoan thanh backup luc 2026-05-25 02:30:01
======================================
Thoi gian backup: 2026-05-25 02:35:01
Thu muc backups: Da ton tai
Ket noi Internet: Co ket noi
Ten file backup: data_backup_2026-05-25_02-35.tar.gz
Trang thai backup: Thanh cong
Bonus 1: Chi giu lai 5 file backup moi nhat
[main 89c1e09] Auto backup 2026-05-25_02-35
 5 files changed, 70 insertions(+), 35 deletions(-)
 rename backups/{data_backup_2026-05-25_02-15.tar.gz => data_backup_2026-05-25_02-35.tar.gz} (100%)
 delete mode 100644 scripts/.auto_backup.sh.swp
To github.com:anhtuank9/student_backup_system.git
 ! [rejected]        main -> main (fetch first)
error: failed to push some refs to 'github.com:anhtuank9/student_backup_system.git'
hint: Updates were rejected because the remote contains work that you do not
hint: have locally. This is usually caused by another repository pushing to
hint: the same ref. If you want to integrate the remote changes, use
hint: 'git pull' before pushing again.
hint: See the 'Note about fast-forwards' in 'git push --help' for details.
Git: Push that bai
Thong bao: Hoan thanh backup luc 2026-05-25 02:35:01
======================================
Thoi gian backup: 2026-05-25 02:36:46
Thu muc backups: Da ton tai
Ket noi Internet: Co ket noi
Ten file backup: data_backup_2026-05-25_02-36.tar.gz
Trang thai backup: Thanh cong
Bonus 1: Chi giu lai 5 file backup moi nhat
[main 883b8eb] Auto backup 2026-05-25_02-36
 3 files changed, 22 insertions(+)
 rename backups/{data_backup_2026-05-25_02-20.tar.gz => data_backup_2026-05-25_02-36.tar.gz} (100%)
To github.com:anhtuank9/student_backup_system.git
 ! [rejected]        main -> main (fetch first)
error: failed to push some refs to 'github.com:anhtuank9/student_backup_system.git'
hint: Updates were rejected because the remote contains work that you do not
hint: have locally. This is usually caused by another repository pushing to
hint: the same ref. If you want to integrate the remote changes, use
hint: 'git pull' before pushing again.
hint: See the 'Note about fast-forwards' in 'git push --help' for details.
Git: Push that bai
Thong bao: Hoan thanh backup luc 2026-05-25 02:36:46
======================================
Thoi gian backup: 2026-05-25 02:37:30
Thu muc backups: Da ton tai
Ket noi Internet: Co ket noi
Ten file backup: data_backup_2026-05-25_02-37.tar.gz
Trang thai backup: Thanh cong
Bonus 1: Chi giu lai 5 file backup moi nhat
[main b27f771] Auto backup 2026-05-25_02-37
 2 files changed, 20 insertions(+)
 rename backups/{data_backup_2026-05-25_02-23.tar.gz => data_backup_2026-05-25_02-37.tar.gz} (100%)
To github.com:anhtuank9/student_backup_system.git
 ! [rejected]        main -> main (fetch first)
error: failed to push some refs to 'github.com:anhtuank9/student_backup_system.git'
hint: Updates were rejected because the remote contains work that you do not
hint: have locally. This is usually caused by another repository pushing to
hint: the same ref. If you want to integrate the remote changes, use
hint: 'git pull' before pushing again.
hint: See the 'Note about fast-forwards' in 'git push --help' for details.
Git: Push that bai
Thong bao: Hoan thanh backup luc 2026-05-25 02:37:30
======================================
Thoi gian backup: 2026-05-25 02:40:01
Thu muc backups: Da ton tai
Ket noi Internet: Co ket noi
Ten file backup: data_backup_2026-05-25_02-40.tar.gz
Trang thai backup: Thanh cong
Bonus 1: Chi giu lai 5 file backup moi nhat
[main 93c9921] Auto backup 2026-05-25_02-40
 3 files changed, 21 insertions(+)
 rename backups/{data_backup_2026-05-25_02-25.tar.gz => data_backup_2026-05-25_02-40.tar.gz} (100%)
To github.com:anhtuank9/student_backup_system.git
 ! [rejected]        main -> main (fetch first)
error: failed to push some refs to 'github.com:anhtuank9/student_backup_system.git'
hint: Updates were rejected because the remote contains work that you do not
hint: have locally. This is usually caused by another repository pushing to
hint: the same ref. If you want to integrate the remote changes, use
hint: 'git pull' before pushing again.
hint: See the 'Note about fast-forwards' in 'git push --help' for details.
Git: Push that bai
Thong bao: Hoan thanh backup luc 2026-05-25 02:40:01
======================================
Thoi gian backup: 2026-05-25 02:42:32
Thu muc backups: Da ton tai
Ket noi Internet: Co ket noi
Ten file backup: data_backup_2026-05-25_02-42.tar.gz
Trang thai backup: Thanh cong
Bonus 1: Chi giu lai 5 file backup moi nhat
Thong bao: Hoan thanh backup luc 2026-05-25 02:42:32
[main fe08694] Auto backup 2026-05-25_02-42
 4 files changed, 44 insertions(+), 11 deletions(-)
 rename backups/{data_backup_2026-05-25_02-30.tar.gz => data_backup_2026-05-25_02-42.tar.gz} (100%)
To github.com:anhtuank9/student_backup_system.git
 ! [rejected]        main -> main (fetch first)
error: failed to push some refs to 'github.com:anhtuank9/student_backup_system.git'
hint: Updates were rejected because the remote contains work that you do not
hint: have locally. This is usually caused by another repository pushing to
hint: the same ref. If you want to integrate the remote changes, use
hint: 'git pull' before pushing again.
hint: See the 'Note about fast-forwards' in 'git push --help' for details.
Git: Push that bai
Thong bao: Hoan thanh backup luc 2026-05-25 02:42:32
======================================
Thoi gian backup: 2026-05-25 02:45:01
Thu muc backups: Da ton tai
Ket noi Internet: Co ket noi
Ten file backup: data_backup_2026-05-25_02-45.tar.gz
Trang thai backup: Thanh cong
Bonus 1: Chi giu lai 5 file backup moi nhat
Thong bao: Hoan thanh backup luc 2026-05-25 02:45:01
[main 32b26e7] Auto backup 2026-05-25_02-45
 3 files changed, 23 insertions(+)
 rename backups/{data_backup_2026-05-25_02-35.tar.gz => data_backup_2026-05-25_02-45.tar.gz} (100%)
To github.com:anhtuank9/student_backup_system.git
 ! [rejected]        main -> main (fetch first)
error: failed to push some refs to 'github.com:anhtuank9/student_backup_system.git'
hint: Updates were rejected because the remote contains work that you do not
hint: have locally. This is usually caused by another repository pushing to
hint: the same ref. If you want to integrate the remote changes, use
hint: 'git pull' before pushing again.
hint: See the 'Note about fast-forwards' in 'git push --help' for details.
Git: Push that bai
Thong bao: Hoan thanh backup luc 2026-05-25 02:45:01
======================================
Thoi gian backup: 2026-05-25 02:45:30
Thu muc backups: Da ton tai
Ket noi Internet: Co ket noi
Ten file backup: data_backup_2026-05-25_02-45.tar.gz
Trang thai backup: Thanh cong
Bonus 1: Chi giu lai 5 file backup moi nhat
Thong bao: Hoan thanh backup luc 2026-05-25 02:45:30
[main af68d34] Auto backup 2026-05-25_02-45
 2 files changed, 22 insertions(+)
To github.com:anhtuank9/student_backup_system.git
 ! [rejected]        main -> main (fetch first)
error: failed to push some refs to 'github.com:anhtuank9/student_backup_system.git'
hint: Updates were rejected because the remote contains work that you do not
hint: have locally. This is usually caused by another repository pushing to
hint: the same ref. If you want to integrate the remote changes, use
hint: 'git pull' before pushing again.
hint: See the 'Note about fast-forwards' in 'git push --help' for details.
Git: Push that bai
Thong bao: Hoan thanh backup luc 2026-05-25 02:45:30
======================================
Thoi gian backup: 2026-05-25 02:46:33
Thu muc backups: Da ton tai
Ket noi Internet: Co ket noi
Ten file backup: data_backup_2026-05-25_02-46.tar.gz
Trang thai backup: Thanh cong
Bonus 1: Chi giu lai 5 file backup moi nhat
Thong bao: Hoan thanh backup luc 2026-05-25 02:46:33
