[32mThu muc backups da ton tai.[0m
[32mCo ket noi Internet.[0m
[32mBackup thanh cong: data_backup_2026-05-25_02-15.tar.gz[0m
[main 7b991ec] Auto backup 2026-05-25_02-15
 3 files changed, 12 insertions(+)
 create mode 100644 backups/data_backup_2026-05-25_02-15.tar.gz
 create mode 100644 logs/cron.log
[34mHoan thanh backup.[0m
[32mThu muc backups da ton tai.[0m
[32mThu muc backups da ton tai.[0m
[32mCo ket noi Internet.[0m
[32mCo ket noi Internet.[0m
[32mBackup thanh cong: data_backup_2026-05-25_02-20.tar.gz[0m
[32mBackup thanh cong: data_backup_2026-05-25_02-20.tar.gz[0m
[main 4638d56] Auto backup 2026-05-25_02-20
 4 files changed, 28 insertions(+), 1 deletion(-)
 rename backups/{data_backup_2026-05-25_01-34.tar.gz => data_backup_2026-05-25_02-20.tar.gz} (100%)
[34mHoan thanh backup.[0m
[34mHoan thanh backup.[0m
[32mThu muc backups da ton tai.[0m
[32mCo ket noi Internet.[0m
[32mThu muc backups da ton tai.[0m
[32mCo ket noi Internet.[0m
[32mBackup thanh cong: data_backup_2026-05-25_02-25.tar.gz[0m
[32mBackup thanh cong: data_backup_2026-05-25_02-25.tar.gz[0m
[main f9ad7fe] Auto backup 2026-05-25_02-25
 3 files changed, 30 insertions(+)
 rename backups/{data_backup_2026-05-25_02-09.tar.gz => data_backup_2026-05-25_02-25.tar.gz} (100%)
On branch main
Your branch is ahead of 'origin/main' by 7 commits.
  (use "git push" to publish your local commits)

Changes not staged for commit:
  (use "git add <file>..." to update what will be committed)
  (use "git restore <file>..." to discard changes in working directory)
	modified:   logs/cron.log

no changes added to commit (use "git add" and/or "git commit -a")
[34mHoan thanh backup.[0m
[34mHoan thanh backup.[0m
[32mThu muc backups da ton tai.[0m
[32mThu muc backups da ton tai.[0m
[32mCo ket noi Internet.[0m
[32mCo ket noi Internet.[0m
[32mBackup thanh cong: data_backup_2026-05-25_02-30.tar.gz[0m
[32mBackup thanh cong: data_backup_2026-05-25_02-30.tar.gz[0m
